// Jest Snapshot v1, https://goo.gl/fbAQLP

exports[`renders correctly 1`] = `
<View
  style={
    Object {
      "alignItems": "center",
      "flex": 1,
      "flexDirection": "column",
      "paddingVertical": 60,
    }
  }
>
  <View
    style={
      Object {
        "flex": 1,
      }
    }
  >
    <View
      style={
        Array [
          Object {
            "alignItems": "center",
            "left": 0,
            "position": "absolute",
            "right": 0,
          },
          Object {
            "alignItems": "center",
            "bottom": 0,
            "flexDirection": "row",
            "justifyContent": "center",
            "top": 0,
          },
        ]
      }
    >
      <View
        style={
          Array [
            Object {
              "height": 400,
              "width": 400,
            },
            Object {
              "alignItems": "center",
              "justifyContent": "center",
            },
          ]
        }
      >
        <View
          style={
            Object {
              "alignItems": "center",
              "backgroundColor": "#5F92F3",
              "borderRadius": 50,
              "height": 100,
              "justifyContent": "center",
              "width": 100,
            }
          }
        >
          <Text
            style={
              Object {
                "color": "white",
                "fontFamily": "SignPainter",
                "fontSize": 42,
              }
            }
          >
            scopin
          </Text>
        </View>
      </View>
    </View>
  </View>
  <View
    style={
      Object {
        "alignItems": "center",
        "height": 100,
        "justifyContent": "center",
      }
    }
  >
    <Text
      style={
        Object {
          "color": "#C4C4C4",
          "fontSize": 19,
          "textAlign": "center",
        }
      }
    >
      Currently no new deals
      

      pass by locations to see more deals
    </Text>
  </View>
</View>
`;
