// Jest Snapshot v1, https://goo.gl/fbAQLP

exports[`renders correctly 1`] = `
<View
  style={
    Object {
      "flex": 1,
    }
  }
>
  <RCTSafeAreaView
    emulateUnlessSupported={true}
  >
    <View
      style={
        Object {
          "flexDirection": "row",
          "justifyContent": "space-between",
          "paddingHorizontal": 30,
          "paddingTop": 10,
        }
      }
    >
      <View
        accessible={true}
        isTVSelectable={true}
        onResponderGrant={[Function]}
        onResponderMove={[Function]}
        onResponderRelease={[Function]}
        onResponderTerminate={[Function]}
        onResponderTerminationRequest={[Function]}
        onStartShouldSetResponder={[Function]}
        style={
          Object {
            "alignItems": "center",
            "borderRadius": 35,
            "height": 70,
            "justifyContent": "center",
            "opacity": 1,
            "overflow": "hidden",
            "width": 70,
          }
        }
      >
        <Image
          source={
            Object {
              "uri": "https://www.easydrawingtips.com/wp-content/uploads/2019/10/spiky_male_hair_drawing.jpg",
            }
          }
          style={
            Object {
              "height": 74,
              "width": 74,
            }
          }
        />
      </View>
      <View
        accessible={true}
        isTVSelectable={true}
        onResponderGrant={[Function]}
        onResponderMove={[Function]}
        onResponderRelease={[Function]}
        onResponderTerminate={[Function]}
        onResponderTerminationRequest={[Function]}
        onStartShouldSetResponder={[Function]}
        style={
          Object {
            "alignItems": "center",
            "backgroundColor": "#5F92F3",
            "borderBottomWidth": null,
            "borderColor": "#007aff",
            "borderLeftWidth": null,
            "borderRadius": 57,
            "borderRightWidth": null,
            "borderTopWidth": null,
            "borderWidth": undefined,
            "elevation": 2,
            "flexDirection": "row",
            "height": 70,
            "justifyContent": "center",
            "opacity": 1,
            "paddingBottom": 6,
            "paddingTop": 6,
            "shadowColor": undefined,
            "shadowOffset": undefined,
            "shadowOpacity": undefined,
            "shadowRadius": undefined,
            "width": 70,
          }
        }
      >
        <Text
          allowFontScaling={false}
          style={
            Array [
              Object {
                "color": "white",
                "fontSize": 26,
              },
              undefined,
              Object {
                "fontFamily": "PinAppIcon",
                "fontStyle": "normal",
                "fontWeight": "normal",
              },
              Object {},
            ]
          }
        >
          
        </Text>
        <View />
      </View>
    </View>
  </RCTSafeAreaView>
  <View
    style={
      Object {
        "alignSelf": "center",
        "flexDirection": "row",
        "justifyContent": "space-between",
        "marginTop": 20,
      }
    }
  >
    <View
      accessible={true}
      isTVSelectable={true}
      onResponderGrant={[Function]}
      onResponderMove={[Function]}
      onResponderRelease={[Function]}
      onResponderTerminate={[Function]}
      onResponderTerminationRequest={[Function]}
      onStartShouldSetResponder={[Function]}
      style={
        Object {
          "alignItems": "center",
          "backgroundColor": "transparent",
          "borderBottomWidth": null,
          "borderColor": "#007aff",
          "borderLeftWidth": null,
          "borderRadius": 5,
          "borderRightWidth": null,
          "borderTopWidth": null,
          "borderWidth": undefined,
          "elevation": 0,
          "flexDirection": "row",
          "height": 45,
          "justifyContent": "space-between",
          "opacity": 1,
          "paddingBottom": 6,
          "paddingHorizontal": 30,
          "paddingTop": 6,
          "paddingVertical": 20,
          "shadowColor": null,
          "shadowOffset": null,
          "shadowOpacity": null,
          "shadowRadius": null,
        }
      }
    >
      <Text
        allowFontScaling={false}
        style={
          Array [
            Object {
              "color": undefined,
              "fontSize": 12,
            },
            Object {
              "fontSize": 24,
            },
            Object {
              "fontFamily": "PinAppIcon",
              "fontStyle": "normal",
              "fontWeight": "normal",
            },
            Object {},
          ]
        }
      >
        
      </Text>
    </View>
    <View
      accessible={true}
      isTVSelectable={true}
      onResponderGrant={[Function]}
      onResponderMove={[Function]}
      onResponderRelease={[Function]}
      onResponderTerminate={[Function]}
      onResponderTerminationRequest={[Function]}
      onStartShouldSetResponder={[Function]}
      style={
        Object {
          "alignItems": "center",
          "backgroundColor": "transparent",
          "borderBottomWidth": null,
          "borderColor": "#707070",
          "borderLeftWidth": 1,
          "borderRadius": 0,
          "borderRightWidth": 1,
          "borderTopWidth": null,
          "borderWidth": undefined,
          "elevation": 0,
          "flexDirection": "row",
          "height": 45,
          "justifyContent": "space-between",
          "opacity": 1,
          "paddingBottom": 6,
          "paddingHorizontal": 40,
          "paddingTop": 6,
          "paddingVertical": 20,
          "shadowColor": null,
          "shadowOffset": null,
          "shadowOpacity": null,
          "shadowRadius": null,
        }
      }
    >
      <Text
        allowFontScaling={false}
        style={
          Array [
            Object {
              "color": undefined,
              "fontSize": 12,
            },
            Object {
              "color": "#C4C4C4",
              "fontSize": 24,
            },
            Object {
              "fontFamily": "PinAppIcon",
              "fontStyle": "normal",
              "fontWeight": "normal",
            },
            Object {},
          ]
        }
      >
        
      </Text>
    </View>
    <View
      accessible={true}
      isTVSelectable={true}
      onResponderGrant={[Function]}
      onResponderMove={[Function]}
      onResponderRelease={[Function]}
      onResponderTerminate={[Function]}
      onResponderTerminationRequest={[Function]}
      onStartShouldSetResponder={[Function]}
      style={
        Object {
          "alignItems": "center",
          "backgroundColor": "transparent",
          "borderBottomWidth": null,
          "borderColor": "#007aff",
          "borderLeftWidth": null,
          "borderRadius": 5,
          "borderRightWidth": null,
          "borderTopWidth": null,
          "borderWidth": undefined,
          "elevation": 0,
          "flexDirection": "row",
          "height": 45,
          "justifyContent": "space-between",
          "opacity": 1,
          "paddingBottom": 6,
          "paddingHorizontal": 30,
          "paddingTop": 6,
          "paddingVertical": 20,
          "shadowColor": null,
          "shadowOffset": null,
          "shadowOpacity": null,
          "shadowRadius": null,
        }
      }
    >
      <Text
        allowFontScaling={false}
        style={
          Array [
            Object {
              "color": undefined,
              "fontSize": 12,
            },
            Object {
              "color": "#C4C4C4",
              "fontSize": 24,
            },
            Object {
              "fontFamily": "PinAppIcon",
              "fontStyle": "normal",
              "fontWeight": "normal",
            },
            Object {},
          ]
        }
      >
        
      </Text>
    </View>
  </View>
  <View
    style={
      Object {
        "alignItems": "center",
        "flex": 1,
        "flexDirection": "column",
        "paddingVertical": 60,
      }
    }
  >
    <View
      style={
        Object {
          "flex": 1,
        }
      }
    >
      <View
        style={
          Array [
            Object {
              "alignItems": "center",
              "left": 0,
              "position": "absolute",
              "right": 0,
            },
            Object {
              "alignItems": "center",
              "bottom": 0,
              "flexDirection": "row",
              "justifyContent": "center",
              "top": 0,
            },
          ]
        }
      >
        <View
          style={
            Array [
              Object {
                "height": 400,
                "width": 400,
              },
              Object {
                "alignItems": "center",
                "justifyContent": "center",
              },
            ]
          }
        >
          <View
            style={
              Object {
                "alignItems": "center",
                "backgroundColor": "#5F92F3",
                "borderRadius": 50,
                "height": 100,
                "justifyContent": "center",
                "width": 100,
              }
            }
          >
            <Text
              style={
                Object {
                  "color": "white",
                  "fontFamily": "SignPainter",
                  "fontSize": 42,
                }
              }
            >
              scopin
            </Text>
          </View>
        </View>
      </View>
    </View>
    <View
      style={
        Object {
          "alignItems": "center",
          "height": 100,
          "justifyContent": "center",
        }
      }
    >
      <Text
        style={
          Object {
            "color": "#C4C4C4",
            "fontSize": 19,
            "textAlign": "center",
          }
        }
      >
        Currently no new deals
        

        pass by locations to see more deals
      </Text>
    </View>
  </View>
</View>
`;
