// Jest Snapshot v1, https://goo.gl/fbAQLP

exports[`renders correctly 1`] = `
<RCTSafeAreaView
  emulateUnlessSupported={true}
  style={
    Object {
      "backgroundColor": "#5F92F3",
      "flex": 1,
    }
  }
>
  <View
    style={
      Object {
        "alignItems": "center",
      }
    }
  >
    <Text
      allowFontScaling={false}
      style={
        Array [
          Object {
            "color": "#fff",
            "fontSize": 80,
          },
          undefined,
          Object {
            "fontFamily": "PinAppIcon",
            "fontStyle": "normal",
            "fontWeight": "normal",
          },
          Object {},
        ]
      }
    >
      
    </Text>
  </View>
  <View
    style={
      Object {
        "paddingHorizontal": 40,
        "paddingVertical": 40,
      }
    }
  >
    <View
      style={
        Array [
          Object {
            "backgroundColor": "#fff",
            "borderBottomWidth": 0.5,
            "borderColor": "#ccc",
            "borderLeftWidth": 0.5,
            "borderRadius": 2,
            "borderRightWidth": 0.5,
            "borderTopWidth": 0.5,
            "elevation": 3,
            "flexWrap": "nowrap",
            "marginBottom": 5,
            "marginLeft": 2,
            "marginRight": 2,
            "marginTop": 5,
            "shadowColor": "#000",
            "shadowOffset": Object {
              "height": 2,
              "width": 0,
            },
            "shadowOpacity": 0.1,
            "shadowRadius": 1.5,
          },
          Object {
            "borderRadius": 40,
          },
          undefined,
        ]
      }
    >
      <View
        style={
          Array [
            Object {
              "alignItems": "center",
              "backgroundColor": "#fff",
              "borderRadius": 2,
              "flexDirection": "row",
              "paddingBottom": 10,
              "paddingLeft": 15,
              "paddingRight": 15,
              "paddingTop": 10,
            },
            Object {
              "borderRadius": 40,
            },
          ]
        }
      >
        <View
          style={
            Object {
              "alignItems": "flex-start",
              "alignSelf": "stretch",
              "flex": 1,
            }
          }
        >
          <View
            accessible={true}
            isTVSelectable={true}
            onResponderGrant={[Function]}
            onResponderMove={[Function]}
            onResponderRelease={[Function]}
            onResponderTerminate={[Function]}
            onResponderTerminationRequest={[Function]}
            onStartShouldSetResponder={[Function]}
            style={
              Object {
                "alignItems": "center",
                "backgroundColor": "transparent",
                "borderBottomColor": "#eee",
                "borderBottomWidth": 1,
                "borderColor": "#fff",
                "borderLeftWidth": 0,
                "borderRadius": undefined,
                "borderRightWidth": 0,
                "borderTopWidth": 0,
                "borderWidth": undefined,
                "flexDirection": "row",
                "margin": 0,
                "marginLeft": 2,
                "opacity": 1,
              }
            }
          >
            <TextInput
              allowFontScaling={true}
              autoCapitalize="none"
              autoCorrect={false}
              editable={true}
              onChangeText={[Function]}
              placeholder="New Password"
              placeholderTextColor="#555555"
              rejectResponderTermination={true}
              returnKeyType="next"
              secureTextEntry={true}
              style={
                Array [
                  Object {
                    "color": "#000",
                    "flex": 1,
                    "fontSize": 17,
                    "height": 50,
                    "paddingLeft": 5,
                    "paddingRight": 5,
                    "top": 1.5,
                  },
                  Object {
                    "fontSize": 21,
                  },
                ]
              }
              underlineColorAndroid="rgba(0,0,0,0)"
              value=""
            />
            <Text
              style={
                Object {
                  "color": "#FF0000",
                  "fontSize": 15,
                  "paddingHorizontal": 10,
                  "paddingVertical": 10,
                }
              }
            />
          </View>
          <View
            accessible={true}
            isTVSelectable={true}
            onResponderGrant={[Function]}
            onResponderMove={[Function]}
            onResponderRelease={[Function]}
            onResponderTerminate={[Function]}
            onResponderTerminationRequest={[Function]}
            onStartShouldSetResponder={[Function]}
            style={
              Object {
                "alignItems": "center",
                "backgroundColor": "transparent",
                "borderBottomWidth": 1,
                "borderColor": "#fff",
                "borderLeftWidth": 0,
                "borderRadius": undefined,
                "borderRightWidth": 0,
                "borderTopWidth": 0,
                "borderWidth": undefined,
                "flexDirection": "row",
                "margin": 0,
                "marginLeft": 2,
                "opacity": 1,
              }
            }
          >
            <TextInput
              allowFontScaling={true}
              autoCapitalize="none"
              autoCorrect={false}
              editable={true}
              onChangeText={[Function]}
              onSubmitEditing={[Function]}
              placeholder="Repeat New Password"
              placeholderTextColor="#555555"
              rejectResponderTermination={true}
              returnKeyType="next"
              secureTextEntry={true}
              style={
                Array [
                  Object {
                    "color": "#000",
                    "flex": 1,
                    "fontSize": 17,
                    "height": 50,
                    "paddingLeft": 5,
                    "paddingRight": 5,
                    "top": 1.5,
                  },
                  Object {
                    "fontSize": 21,
                  },
                ]
              }
              underlineColorAndroid="rgba(0,0,0,0)"
              value=""
            />
            <Text
              style={
                Object {
                  "color": "#FF0000",
                  "fontSize": 15,
                  "paddingHorizontal": 10,
                  "paddingVertical": 10,
                }
              }
            />
          </View>
          <View
            accessible={true}
            isTVSelectable={true}
            onResponderGrant={[Function]}
            onResponderMove={[Function]}
            onResponderRelease={[Function]}
            onResponderTerminate={[Function]}
            onResponderTerminationRequest={[Function]}
            onStartShouldSetResponder={[Function]}
            style={
              Object {
                "alignItems": "center",
                "alignSelf": "center",
                "backgroundColor": "transparent",
                "borderBottomWidth": null,
                "borderColor": "#007aff",
                "borderLeftWidth": null,
                "borderRadius": 5,
                "borderRightWidth": null,
                "borderTopWidth": null,
                "borderWidth": undefined,
                "elevation": 0,
                "flexDirection": "row",
                "height": 45,
                "justifyContent": "space-between",
                "opacity": 1,
                "paddingBottom": null,
                "paddingLeft": null,
                "paddingRight": 15,
                "paddingTop": null,
                "shadowColor": null,
                "shadowOffset": null,
                "shadowOpacity": null,
                "shadowRadius": null,
              }
            }
          >
            <Text
              style={
                Array [
                  Object {
                    "fontSize": 24,
                  },
                  Object {
                    "color": "#2B2B2B",
                    "fontSize": 15,
                  },
                  undefined,
                ]
              }
            >
              Forgot your password?
            </Text>
          </View>
        </View>
      </View>
    </View>
  </View>
  <Modal
    animationType="none"
    hardwareAccelerated={false}
    hideModalContentWhileAnimating={false}
    onModalHide={[Function]}
    onModalWillHide={[Function]}
    onModalWillShow={[Function]}
    onRequestClose={[Function]}
    scrollHorizontal={false}
    scrollOffset={0}
    scrollOffsetMax={0}
    scrollTo={null}
    supportedOrientations={
      Array [
        "portrait",
        "landscape",
      ]
    }
    swipeThreshold={100}
    transparent={true}
    visible={false}
  >
    <View
      accessible={true}
      onResponderGrant={[Function]}
      onResponderMove={[Function]}
      onResponderRelease={[Function]}
      onResponderTerminate={[Function]}
      onResponderTerminationRequest={[Function]}
      onStartShouldSetResponder={[Function]}
      style={
        Object {
          "backgroundColor": "black",
          "bottom": 0,
          "height": 1334,
          "left": 0,
          "opacity": 0,
          "position": "absolute",
          "right": 0,
          "top": 0,
          "width": 750,
        }
      }
    />
    <View
      hideModalContentWhileAnimating={false}
      onModalHide={[Function]}
      onModalWillHide={[Function]}
      onModalWillShow={[Function]}
      pointerEvents="box-none"
      scrollHorizontal={false}
      scrollOffset={0}
      scrollOffsetMax={0}
      scrollTo={null}
      style={
        Object {
          "flex": 1,
          "justifyContent": "center",
          "margin": 37.5,
          "transform": Array [
            Object {
              "translateY": 0,
            },
          ],
        }
      }
      supportedOrientations={
        Array [
          "portrait",
          "landscape",
        ]
      }
      swipeThreshold={100}
    >
      <View
        style={
          Array [
            Object {
              "backgroundColor": "#fff",
              "borderBottomWidth": 0.5,
              "borderColor": "#ccc",
              "borderLeftWidth": 0.5,
              "borderRadius": 2,
              "borderRightWidth": 0.5,
              "borderTopWidth": 0.5,
              "elevation": 3,
              "flexWrap": "nowrap",
              "marginBottom": 5,
              "marginLeft": 2,
              "marginRight": 2,
              "marginTop": 5,
              "shadowColor": "#000",
              "shadowOffset": Object {
                "height": 2,
                "width": 0,
              },
              "shadowOpacity": 0.1,
              "shadowRadius": 1.5,
            },
            Object {
              "borderRadius": 40,
            },
            Object {
              "alignSelf": "center",
              "width": 468,
            },
          ]
        }
      >
        <View
          style={
            Array [
              Object {
                "alignItems": "center",
                "backgroundColor": "#fff",
                "borderRadius": 2,
                "flexDirection": "row",
                "paddingBottom": 10,
                "paddingLeft": 15,
                "paddingRight": 15,
                "paddingTop": 10,
              },
              Object {
                "borderRadius": 40,
              },
            ]
          }
        >
          <View
            style={
              Object {
                "alignItems": "flex-start",
                "alignSelf": "stretch",
                "flex": 1,
              }
            }
          >
            <View
              style={
                Object {
                  "alignItems": "center",
                  "alignSelf": "center",
                  "paddingHorizontal": 20,
                  "paddingTop": 20,
                }
              }
            >
              <Text
                allowFontScaling={false}
                style={
                  Array [
                    Object {
                      "color": "#5F92F3",
                      "fontSize": 64,
                    },
                    undefined,
                    Object {
                      "fontFamily": "PinAppIcon",
                      "fontStyle": "normal",
                      "fontWeight": "normal",
                    },
                    Object {},
                  ]
                }
              >
                
              </Text>
              <Text
                style={
                  Object {
                    "color": "#6E6969",
                    "fontSize": 24,
                    "fontWeight": "bold",
                    "marginTop": 20,
                    "textAlign": "center",
                  }
                }
              >
                Password Changed Successfully
              </Text>
              <View
                style={
                  Object {
                    "marginTop": 40,
                  }
                }
              >
                <View
                  accessible={true}
                  isTVSelectable={true}
                  onResponderGrant={[Function]}
                  onResponderMove={[Function]}
                  onResponderRelease={[Function]}
                  onResponderTerminate={[Function]}
                  onResponderTerminationRequest={[Function]}
                  onStartShouldSetResponder={[Function]}
                  style={
                    Object {
                      "alignItems": "center",
                      "backgroundColor": "#5F92F3",
                      "borderBottomWidth": null,
                      "borderColor": "#007aff",
                      "borderLeftWidth": null,
                      "borderRadius": 57,
                      "borderRightWidth": null,
                      "borderTopWidth": null,
                      "borderWidth": undefined,
                      "elevation": 2,
                      "flexDirection": "row",
                      "height": 68,
                      "justifyContent": "space-between",
                      "opacity": 1,
                      "paddingBottom": 6,
                      "paddingTop": 6,
                      "shadowColor": undefined,
                      "shadowOffset": undefined,
                      "shadowOpacity": undefined,
                      "shadowRadius": undefined,
                      "width": 250,
                    }
                  }
                >
                  <Text
                    style={
                      Array [
                        Object {
                          "fontSize": 24,
                        },
                        Object {
                          "color": "#fff",
                          "fontSize": 24,
                          "textAlign": "center",
                          "width": "100%",
                        },
                        undefined,
                      ]
                    }
                  >
                    Close
                  </Text>
                </View>
              </View>
            </View>
          </View>
        </View>
      </View>
    </View>
  </Modal>
  <Modal
    animationType="none"
    hardwareAccelerated={false}
    hideModalContentWhileAnimating={false}
    onModalHide={[Function]}
    onModalWillHide={[Function]}
    onModalWillShow={[Function]}
    onRequestClose={[Function]}
    scrollHorizontal={false}
    scrollOffset={0}
    scrollOffsetMax={0}
    scrollTo={null}
    supportedOrientations={
      Array [
        "portrait",
        "landscape",
      ]
    }
    swipeThreshold={100}
    transparent={true}
    visible={false}
  >
    <View
      accessible={true}
      onResponderGrant={[Function]}
      onResponderMove={[Function]}
      onResponderRelease={[Function]}
      onResponderTerminate={[Function]}
      onResponderTerminationRequest={[Function]}
      onStartShouldSetResponder={[Function]}
      style={
        Object {
          "backgroundColor": "black",
          "bottom": 0,
          "height": 1334,
          "left": 0,
          "opacity": 0,
          "position": "absolute",
          "right": 0,
          "top": 0,
          "width": 750,
        }
      }
    />
    <View
      hideModalContentWhileAnimating={false}
      onModalHide={[Function]}
      onModalWillHide={[Function]}
      onModalWillShow={[Function]}
      pointerEvents="box-none"
      scrollHorizontal={false}
      scrollOffset={0}
      scrollOffsetMax={0}
      scrollTo={null}
      style={
        Object {
          "flex": 1,
          "justifyContent": "center",
          "margin": 37.5,
          "transform": Array [
            Object {
              "translateY": 0,
            },
          ],
        }
      }
      supportedOrientations={
        Array [
          "portrait",
          "landscape",
        ]
      }
      swipeThreshold={100}
    >
      <View
        style={
          Array [
            Object {
              "backgroundColor": "#fff",
              "borderBottomWidth": 0.5,
              "borderColor": "#ccc",
              "borderLeftWidth": 0.5,
              "borderRadius": 2,
              "borderRightWidth": 0.5,
              "borderTopWidth": 0.5,
              "elevation": 3,
              "flexWrap": "nowrap",
              "marginBottom": 5,
              "marginLeft": 2,
              "marginRight": 2,
              "marginTop": 5,
              "shadowColor": "#000",
              "shadowOffset": Object {
                "height": 2,
                "width": 0,
              },
              "shadowOpacity": 0.1,
              "shadowRadius": 1.5,
            },
            Object {
              "borderRadius": 40,
            },
            Object {
              "alignSelf": "center",
              "width": 468,
            },
          ]
        }
      >
        <View
          style={
            Array [
              Object {
                "alignItems": "center",
                "backgroundColor": "#fff",
                "borderRadius": 2,
                "flexDirection": "row",
                "paddingBottom": 10,
                "paddingLeft": 15,
                "paddingRight": 15,
                "paddingTop": 10,
              },
              Object {
                "borderRadius": 40,
              },
            ]
          }
        >
          <View
            style={
              Object {
                "alignItems": "flex-start",
                "alignSelf": "stretch",
                "flex": 1,
              }
            }
          >
            <View
              style={
                Object {
                  "alignItems": "center",
                  "alignSelf": "center",
                  "paddingHorizontal": 20,
                  "paddingTop": 20,
                }
              }
            >
              <Text
                style={
                  Object {
                    "color": "#6E6969",
                    "fontSize": 24,
                    "fontWeight": "bold",
                    "marginTop": 20,
                    "textAlign": "center",
                  }
                }
              >
                Choose how you want to reset your password
              </Text>
              <View
                style={
                  Object {
                    "marginTop": 40,
                  }
                }
              >
                <View
                  accessible={true}
                  isTVSelectable={true}
                  onResponderGrant={[Function]}
                  onResponderMove={[Function]}
                  onResponderRelease={[Function]}
                  onResponderTerminate={[Function]}
                  onResponderTerminationRequest={[Function]}
                  onStartShouldSetResponder={[Function]}
                  style={
                    Object {
                      "alignItems": "center",
                      "backgroundColor": "#ffffff",
                      "borderBottomWidth": null,
                      "borderColor": "#5F92F3",
                      "borderLeftWidth": null,
                      "borderRadius": 57,
                      "borderRightWidth": null,
                      "borderTopWidth": null,
                      "borderWidth": 4,
                      "elevation": 2,
                      "flexDirection": "row",
                      "height": 68,
                      "justifyContent": "space-between",
                      "opacity": 1,
                      "paddingBottom": 6,
                      "paddingTop": 6,
                      "shadowColor": undefined,
                      "shadowOffset": undefined,
                      "shadowOpacity": undefined,
                      "shadowRadius": undefined,
                      "width": 250,
                    }
                  }
                >
                  <Text
                    style={
                      Array [
                        Object {
                          "fontSize": 24,
                        },
                        Object {
                          "color": "#5F92F3",
                          "fontSize": 21,
                          "fontWeight": "600",
                          "textAlign": "center",
                          "width": "100%",
                        },
                        undefined,
                      ]
                    }
                  >
                    Text
                  </Text>
                </View>
                <View
                  accessible={true}
                  isTVSelectable={true}
                  onResponderGrant={[Function]}
                  onResponderMove={[Function]}
                  onResponderRelease={[Function]}
                  onResponderTerminate={[Function]}
                  onResponderTerminationRequest={[Function]}
                  onStartShouldSetResponder={[Function]}
                  style={
                    Object {
                      "alignItems": "center",
                      "backgroundColor": "white",
                      "borderBottomWidth": null,
                      "borderColor": "#5F92F3",
                      "borderLeftWidth": null,
                      "borderRadius": 57,
                      "borderRightWidth": null,
                      "borderTopWidth": null,
                      "borderWidth": 4,
                      "elevation": 2,
                      "flexDirection": "row",
                      "height": 68,
                      "justifyContent": "space-between",
                      "marginVertical": 20,
                      "opacity": 1,
                      "paddingBottom": 6,
                      "paddingTop": 6,
                      "shadowColor": undefined,
                      "shadowOffset": undefined,
                      "shadowOpacity": undefined,
                      "shadowRadius": undefined,
                      "width": 250,
                    }
                  }
                >
                  <Text
                    style={
                      Array [
                        Object {
                          "fontSize": 24,
                        },
                        Object {
                          "color": "#5F92F3",
                          "fontSize": 21,
                          "fontWeight": "600",
                          "textAlign": "center",
                          "width": "100%",
                        },
                        undefined,
                      ]
                    }
                  >
                    Email
                  </Text>
                </View>
                <View
                  accessible={true}
                  isTVSelectable={true}
                  onResponderGrant={[Function]}
                  onResponderMove={[Function]}
                  onResponderRelease={[Function]}
                  onResponderTerminate={[Function]}
                  onResponderTerminationRequest={[Function]}
                  onStartShouldSetResponder={[Function]}
                  style={
                    Object {
                      "alignItems": "center",
                      "alignSelf": "stretch",
                      "backgroundColor": "transparent",
                      "borderBottomWidth": null,
                      "borderColor": "#007aff",
                      "borderLeftWidth": null,
                      "borderRadius": 5,
                      "borderRightWidth": null,
                      "borderTopWidth": null,
                      "borderWidth": undefined,
                      "elevation": 0,
                      "flexDirection": "row",
                      "height": 68,
                      "justifyContent": "space-between",
                      "opacity": 1,
                      "paddingBottom": null,
                      "paddingLeft": null,
                      "paddingRight": 0,
                      "paddingTop": null,
                      "shadowColor": null,
                      "shadowOffset": null,
                      "shadowOpacity": null,
                      "shadowRadius": null,
                      "width": 250,
                    }
                  }
                >
                  <Text
                    style={
                      Array [
                        Object {
                          "fontSize": 24,
                        },
                        Object {
                          "color": "#5F92F3",
                          "fontSize": 21,
                          "fontWeight": "600",
                          "textAlign": "center",
                          "width": "100%",
                        },
                        undefined,
                      ]
                    }
                  >
                    Cancel
                  </Text>
                </View>
              </View>
            </View>
          </View>
        </View>
      </View>
    </View>
  </Modal>
  <Modal
    animationType="none"
    hardwareAccelerated={false}
    hideModalContentWhileAnimating={false}
    onModalHide={[Function]}
    onModalWillHide={[Function]}
    onModalWillShow={[Function]}
    onRequestClose={[Function]}
    scrollHorizontal={false}
    scrollOffset={0}
    scrollOffsetMax={0}
    scrollTo={null}
    supportedOrientations={
      Array [
        "portrait",
        "landscape",
      ]
    }
    swipeThreshold={100}
    transparent={true}
    visible={false}
  >
    <View
      accessible={true}
      onResponderGrant={[Function]}
      onResponderMove={[Function]}
      onResponderRelease={[Function]}
      onResponderTerminate={[Function]}
      onResponderTerminationRequest={[Function]}
      onStartShouldSetResponder={[Function]}
      style={
        Object {
          "backgroundColor": "black",
          "bottom": 0,
          "height": 1334,
          "left": 0,
          "opacity": 0,
          "position": "absolute",
          "right": 0,
          "top": 0,
          "width": 750,
        }
      }
    />
    <View
      hideModalContentWhileAnimating={false}
      onModalHide={[Function]}
      onModalWillHide={[Function]}
      onModalWillShow={[Function]}
      pointerEvents="box-none"
      scrollHorizontal={false}
      scrollOffset={0}
      scrollOffsetMax={0}
      scrollTo={null}
      style={
        Object {
          "flex": 1,
          "justifyContent": "center",
          "margin": 37.5,
          "transform": Array [
            Object {
              "translateY": 0,
            },
          ],
        }
      }
      supportedOrientations={
        Array [
          "portrait",
          "landscape",
        ]
      }
      swipeThreshold={100}
    >
      <View
        style={
          Array [
            Object {
              "backgroundColor": "#fff",
              "borderBottomWidth": 0.5,
              "borderColor": "#ccc",
              "borderLeftWidth": 0.5,
              "borderRadius": 2,
              "borderRightWidth": 0.5,
              "borderTopWidth": 0.5,
              "elevation": 3,
              "flexWrap": "nowrap",
              "marginBottom": 5,
              "marginLeft": 2,
              "marginRight": 2,
              "marginTop": 5,
              "shadowColor": "#000",
              "shadowOffset": Object {
                "height": 2,
                "width": 0,
              },
              "shadowOpacity": 0.1,
              "shadowRadius": 1.5,
            },
            Object {
              "borderRadius": 40,
            },
            Object {
              "alignSelf": "center",
              "width": 526,
            },
          ]
        }
      >
        <View
          style={
            Array [
              Object {
                "alignItems": "center",
                "backgroundColor": "#fff",
                "borderRadius": 2,
                "flexDirection": "row",
                "paddingBottom": 10,
                "paddingLeft": 15,
                "paddingRight": 15,
                "paddingTop": 10,
              },
              Object {
                "borderRadius": 40,
              },
            ]
          }
        >
          <View
            style={
              Object {
                "alignItems": "flex-start",
                "alignSelf": "stretch",
                "flex": 1,
              }
            }
          >
            <View
              style={
                Object {
                  "alignItems": "center",
                  "alignSelf": "center",
                  "paddingHorizontal": 20,
                  "paddingTop": 20,
                }
              }
            >
              <Text
                style={
                  Object {
                    "color": "#6E6969",
                    "fontSize": 24,
                    "fontWeight": "bold",
                    "marginTop": 20,
                    "textAlign": "center",
                  }
                }
              >
                Enter the code we sent to 808 913 4023
              </Text>
              <Text
                style={
                  Object {
                    "color": "#6E6969",
                    "fontSize": 21,
                    "fontWeight": "bold",
                    "marginTop": 20,
                    "textAlign": "center",
                  }
                }
              >
                Enter Confirmation Code
              </Text>
              <View
                style={
                  Object {
                    "height": 100,
                    "marginTop": 20,
                    "paddingHorizontal": 40,
                  }
                }
              >
                <View
                  style={
                    Object {
                      "flexDirection": "row",
                      "justifyContent": "center",
                    }
                  }
                >
                  <TextInput
                    allowFontScaling={true}
                    editable={false}
                    onLayout={[Function]}
                    rejectResponderTermination={true}
                    style={
                      Object {
                        "alignItems": "center",
                        "borderBottomWidth": 1,
                        "borderColor": "#707070",
                        "borderRadius": 0,
                        "color": "#707070",
                        "fontSize": 20,
                        "height": 40,
                        "justifyContent": "center",
                        "marginLeft": 4,
                        "marginRight": 4,
                        "textAlign": "center",
                        "width": 40,
                      }
                    }
                    underlineColorAndroid="transparent"
                  />
                  <TextInput
                    allowFontScaling={true}
                    editable={false}
                    onLayout={[Function]}
                    rejectResponderTermination={true}
                    style={
                      Object {
                        "alignItems": "center",
                        "borderBottomWidth": 1,
                        "borderColor": "#707070",
                        "borderRadius": 0,
                        "color": "#707070",
                        "fontSize": 20,
                        "height": 40,
                        "justifyContent": "center",
                        "marginLeft": 4,
                        "marginRight": 4,
                        "textAlign": "center",
                        "width": 40,
                      }
                    }
                    underlineColorAndroid="transparent"
                  >
                    
                  </TextInput>
                  <TextInput
                    allowFontScaling={true}
                    editable={false}
                    onLayout={[Function]}
                    rejectResponderTermination={true}
                    style={
                      Object {
                        "alignItems": "center",
                        "borderBottomWidth": 1,
                        "borderColor": "#707070",
                        "borderRadius": 0,
                        "color": "#707070",
                        "fontSize": 20,
                        "height": 40,
                        "justifyContent": "center",
                        "marginLeft": 4,
                        "marginRight": 4,
                        "textAlign": "center",
                        "width": 40,
                      }
                    }
                    underlineColorAndroid="transparent"
                  >
                    
                  </TextInput>
                  <TextInput
                    allowFontScaling={true}
                    editable={false}
                    onLayout={[Function]}
                    rejectResponderTermination={true}
                    style={
                      Object {
                        "alignItems": "center",
                        "borderBottomWidth": 1,
                        "borderColor": "#707070",
                        "borderRadius": 0,
                        "color": "#707070",
                        "fontSize": 20,
                        "height": 40,
                        "justifyContent": "center",
                        "marginLeft": 4,
                        "marginRight": 4,
                        "textAlign": "center",
                        "width": 40,
                      }
                    }
                    underlineColorAndroid="transparent"
                  >
                    
                  </TextInput>
                  <TextInput
                    allowFontScaling={true}
                    editable={false}
                    onLayout={[Function]}
                    rejectResponderTermination={true}
                    style={
                      Object {
                        "alignItems": "center",
                        "borderBottomWidth": 1,
                        "borderColor": "#707070",
                        "borderRadius": 0,
                        "color": "#707070",
                        "fontSize": 20,
                        "height": 40,
                        "justifyContent": "center",
                        "marginLeft": 4,
                        "marginRight": 4,
                        "textAlign": "center",
                        "width": 40,
                      }
                    }
                    underlineColorAndroid="transparent"
                  >
                    
                  </TextInput>
                  <TextInput
                    allowFontScaling={true}
                    autoFocus={true}
                    keyboardType="number-pad"
                    maxLength={5}
                    onBlur={[Function]}
                    onChangeText={[Function]}
                    onFocus={[Function]}
                    onPress={[Function]}
                    rejectResponderTermination={true}
                    style={
                      Object {
                        "bottom": 0,
                        "fontSize": 1,
                        "left": 0,
                        "opacity": 0.01,
                        "position": "absolute",
                        "right": 0,
                        "top": 0,
                      }
                    }
                    underlineColorAndroid="transparent"
                    value=""
                  />
                </View>
              </View>
              <View>
                <View
                  accessible={true}
                  isTVSelectable={true}
                  onResponderGrant={[Function]}
                  onResponderMove={[Function]}
                  onResponderRelease={[Function]}
                  onResponderTerminate={[Function]}
                  onResponderTerminationRequest={[Function]}
                  onStartShouldSetResponder={[Function]}
                  style={
                    Object {
                      "alignItems": "center",
                      "backgroundColor": "#5F92F3",
                      "borderBottomWidth": null,
                      "borderColor": "#007aff",
                      "borderLeftWidth": null,
                      "borderRadius": 57,
                      "borderRightWidth": null,
                      "borderTopWidth": null,
                      "borderWidth": undefined,
                      "elevation": 2,
                      "flexDirection": "row",
                      "height": 68,
                      "justifyContent": "space-between",
                      "opacity": 1,
                      "paddingBottom": 6,
                      "paddingTop": 6,
                      "shadowColor": undefined,
                      "shadowOffset": undefined,
                      "shadowOpacity": undefined,
                      "shadowRadius": undefined,
                      "width": 250,
                    }
                  }
                >
                  <Text
                    style={
                      Array [
                        Object {
                          "fontSize": 24,
                        },
                        Object {
                          "color": "#fff",
                          "fontSize": 24,
                          "fontWeight": "600",
                          "textAlign": "center",
                          "width": "100%",
                        },
                        undefined,
                      ]
                    }
                  >
                    Resend
                  </Text>
                </View>
              </View>
            </View>
          </View>
        </View>
      </View>
    </View>
  </Modal>
  <Modal
    animationType="none"
    hardwareAccelerated={false}
    hideModalContentWhileAnimating={false}
    onModalHide={[Function]}
    onModalWillHide={[Function]}
    onModalWillShow={[Function]}
    onRequestClose={[Function]}
    scrollHorizontal={false}
    scrollOffset={0}
    scrollOffsetMax={0}
    scrollTo={null}
    supportedOrientations={
      Array [
        "portrait",
        "landscape",
      ]
    }
    swipeThreshold={100}
    transparent={true}
    visible={false}
  >
    <View
      accessible={true}
      onResponderGrant={[Function]}
      onResponderMove={[Function]}
      onResponderRelease={[Function]}
      onResponderTerminate={[Function]}
      onResponderTerminationRequest={[Function]}
      onStartShouldSetResponder={[Function]}
      style={
        Object {
          "backgroundColor": "black",
          "bottom": 0,
          "height": 1334,
          "left": 0,
          "opacity": 0,
          "position": "absolute",
          "right": 0,
          "top": 0,
          "width": 750,
        }
      }
    />
    <View
      hideModalContentWhileAnimating={false}
      onModalHide={[Function]}
      onModalWillHide={[Function]}
      onModalWillShow={[Function]}
      pointerEvents="box-none"
      scrollHorizontal={false}
      scrollOffset={0}
      scrollOffsetMax={0}
      scrollTo={null}
      style={
        Object {
          "flex": 1,
          "justifyContent": "center",
          "margin": 37.5,
          "transform": Array [
            Object {
              "translateY": 0,
            },
          ],
        }
      }
      supportedOrientations={
        Array [
          "portrait",
          "landscape",
        ]
      }
      swipeThreshold={100}
    >
      <View
        style={
          Array [
            Object {
              "backgroundColor": "#fff",
              "borderBottomWidth": 0.5,
              "borderColor": "#ccc",
              "borderLeftWidth": 0.5,
              "borderRadius": 2,
              "borderRightWidth": 0.5,
              "borderTopWidth": 0.5,
              "elevation": 3,
              "flexWrap": "nowrap",
              "marginBottom": 5,
              "marginLeft": 2,
              "marginRight": 2,
              "marginTop": 5,
              "shadowColor": "#000",
              "shadowOffset": Object {
                "height": 2,
                "width": 0,
              },
              "shadowOpacity": 0.1,
              "shadowRadius": 1.5,
            },
            Object {
              "borderRadius": 40,
            },
            Object {
              "alignSelf": "center",
              "width": 468,
            },
          ]
        }
      >
        <View
          style={
            Array [
              Object {
                "alignItems": "center",
                "backgroundColor": "#fff",
                "borderRadius": 2,
                "flexDirection": "row",
                "paddingBottom": 10,
                "paddingLeft": 15,
                "paddingRight": 15,
                "paddingTop": 10,
              },
              Object {
                "borderRadius": 40,
              },
            ]
          }
        >
          <View
            style={
              Object {
                "alignItems": "flex-start",
                "alignSelf": "stretch",
                "flex": 1,
              }
            }
          >
            <View
              style={
                Object {
                  "alignItems": "center",
                  "alignSelf": "center",
                  "paddingHorizontal": 20,
                  "paddingTop": 20,
                }
              }
            >
              <Text
                allowFontScaling={false}
                style={
                  Array [
                    Object {
                      "color": "#31AF91",
                      "fontSize": 64,
                    },
                    undefined,
                    Object {
                      "fontFamily": "PinAppIcon",
                      "fontStyle": "normal",
                      "fontWeight": "normal",
                    },
                    Object {},
                  ]
                }
              >
                
              </Text>
              <Text
                style={
                  Object {
                    "color": "#6E6969",
                    "fontSize": 24,
                    "fontWeight": "bold",
                    "marginTop": 20,
                    "textAlign": "center",
                  }
                }
              >
                Password has been changed successfully
              </Text>
              <View
                style={
                  Object {
                    "marginTop": 40,
                  }
                }
              >
                <View
                  accessible={true}
                  isTVSelectable={true}
                  onResponderGrant={[Function]}
                  onResponderMove={[Function]}
                  onResponderRelease={[Function]}
                  onResponderTerminate={[Function]}
                  onResponderTerminationRequest={[Function]}
                  onStartShouldSetResponder={[Function]}
                  style={
                    Object {
                      "alignItems": "center",
                      "backgroundColor": "#31AF91",
                      "borderBottomWidth": null,
                      "borderColor": "#007aff",
                      "borderLeftWidth": null,
                      "borderRadius": 57,
                      "borderRightWidth": null,
                      "borderTopWidth": null,
                      "borderWidth": undefined,
                      "elevation": 2,
                      "flexDirection": "row",
                      "height": 68,
                      "justifyContent": "space-between",
                      "opacity": 1,
                      "paddingBottom": 6,
                      "paddingTop": 6,
                      "shadowColor": undefined,
                      "shadowOffset": undefined,
                      "shadowOpacity": undefined,
                      "shadowRadius": undefined,
                      "width": 250,
                    }
                  }
                >
                  <Text
                    style={
                      Array [
                        Object {
                          "fontSize": 24,
                        },
                        Object {
                          "color": "#fff",
                          "fontSize": 21,
                          "fontWeight": "600",
                          "textAlign": "center",
                          "width": "100%",
                        },
                        undefined,
                      ]
                    }
                  >
                    Done
                  </Text>
                </View>
              </View>
            </View>
          </View>
        </View>
      </View>
    </View>
  </Modal>
  <Image
    onError={[Function]}
    onHeightChange={[Function]}
    source={
      Object {
        "testUri": "../../../assets/img/city2.png",
      }
    }
    style={
      Array [
        Object {
          "height": 0,
          "width": 750,
        },
        Object {
          "bottom": 0,
          "position": "absolute",
        },
      ]
    }
  />
</RCTSafeAreaView>
`;
